00:00 +0: loading W:/Projects/flutter_projects/crewmeister_frontend_coding_challenge/test/features/absences/data/data_sources/absences_local_file_data_source_test.dart
00:00 +0: getAbsences Should return list of AbsenceModel from JSON fixture
00:00 +1: getAbsences Should throw exception if file fails to load
00:00 +1 -1: getAbsences Should throw exception if file fails to load [E]
  Expected: throws <Instance of 'Exception'>
    Actual: <Closure: () => Future<List<AbsenceModel>>>
     Which: returned a Future that emitted [
                                             AbsenceModel:AbsenceModel(2351, 2664, 352, sickness, 2021-01-13 00:00:00.000, 2021-01-13 00:00:00.000, , , 2020-12-12 13:17:01.000Z, 2020-12-12 17:03:55.000Z, null, null),
                                             AbsenceModel:AbsenceModel(2521, 2664, 352, vacation, 2021-01-05 00:00:00.000, 2021-01-05 00:00:00.000, ganzer tag, Sorry, 2021-01-03 16:36:52.000Z, null, 2021-01-03 16:39:50.000Z, null),
                                             AbsenceModel:AbsenceModel(2634, 649, 352, vacation, 2021-01-11 00:00:00.000, 2021-01-11 00:00:00.000, Nachmittag 0,5 Tage. Danke., , 2021-01-09 16:45:47.000Z, 2021-01-09 17:43:29.000Z, null, null),
                                             AbsenceModel:AbsenceModel(2904, 5293, 352, vacation, 2021-02-02 00:00:00.000, 2021-02-06 00:00:00.000, , , 2021-01-25 09:04:51.000Z, null, 2021-01-25 09:14:44.000Z, null),
                                             AbsenceModel:AbsenceModel(2909, 5192, 352, vacation, 2021-02-23 00:00:00.000, 2021-03-11 00:00:00.000, Urlaub, , 2021-01-25 10:06:19.000Z, 2021-01-27 16:35:03.000Z, null, null),
                                             AbsenceModel:AbsenceModel(2942, 2664, 352, vacation, 2021-02-03 00:00:00.000, 2021-02-03 00:00:00.000, , , 2021-01-27 14:52:59.000Z, 2021-01-27 16:34:25.000Z, null, null),
                                             AbsenceModel:AbsenceModel(2943, 2664, 352, vacation, 2021-03-03 00:00:00.000, 2021-03-03 00:00:00.000, , , 2021-01-27 14:53:23.000Z, 2021-01-27 16:34:31.000Z, null, null),
                                             AbsenceModel:AbsenceModel(2955, 2735, 352, vacation, 2021-03-27 00:00:00.000, 2021-04-07 00:00:00.000, Uni: Blockpraktikum, , 2021-01-30 09:24:36.000Z, 2021-03-05 08:31:55.000Z, null, null),
                                             AbsenceModel:AbsenceModel(3229, 2664, 352, vacation, 2021-02-16 00:00:00.000, 2021-02-16 00:00:00.000, , , 2021-02-14 10:32:56.000Z, 2021-02-14 11:02:07.000Z, null, null),
                                             AbsenceModel:AbsenceModel(3235, 644, 352, sickness, 2021-02-20 00:00:00.000, 2021-02-25 00:00:00.000, Skiurlaub, Leider sind Wolfram und Phillip schon im Urlaub. Geh lieber mal im M├ñrz, 2021-02-14 14:41:26.000Z, null, 2021-02-14 14:43:06.000Z, null),
                                             AbsenceModel:AbsenceModel(3269, 2796, 352, vacation, 2021-02-27 00:00:00.000, 2021-02-27 00:00:00.000, , , 2021-02-17 12:19:37.000Z, 2021-02-17 12:52:26.000Z, null, null),
                                             AbsenceModel:AbsenceModel(3383, 5293, 352, vacation, 2021-02-27 00:00:00.000, 2021-02-27 00:00:00.000, , , 2021-02-24 12:24:54.000Z, 2021-02-24 12:30:38.000Z, null, null),
                                             AbsenceModel:AbsenceModel(3452, 2796, 352, vacation, 2021-03-30 00:00:00.000, 2021-03-31 00:00:00.000, Den alten Urlaubsantrag vom 29.03.2017 - 31.03.2017 bitte l├╢schen.  
                                           Danke :), , 2021-03-01 08:56:26.000Z, 2021-03-01 09:26:10.000Z, null, null),
                                             AbsenceModel:AbsenceModel(3597, 2664, 352, vacation, 2021-03-13 00:00:00.000, 2021-03-13 00:00:00.000, , Viel Spa├ƒ, 2021-03-09 14:01:46.000Z, 2021-03-09 16:06:46.000Z, null, null),
                                             AbsenceModel:AbsenceModel(3600, 644, 352, vacation, 2021-03-10 00:00:00.000, 2021-03-10 00:00:00.000, , , 2021-03-09 14:33:35.000Z, 2021-03-09 14:33:35.000Z, null, null),
                                             AbsenceModel:AbsenceModel(3601, 644, 352, vacation, 2021-03-10 00:00:00.000, 2021-03-10 00:00:00.000, , , 2021-03-09 14:33:57.000Z, 2021-03-09 14:33:57.000Z, null, null),
                                             AbsenceModel:AbsenceModel(3604, 644, 352, vacation, 2021-03-13 00:00:00.000, 2021-03-13 00:00:00.000, , , 2021-03-09 14:34:57.000Z, 2021-03-09 14:34:57.000Z, null, null),
                                             AbsenceModel:AbsenceModel(3605, 644, 352, sickness, 2021-03-14 00:00:00.000, 2021-03-15 00:00:00.000, , , 2021-03-09 14:35:17.000Z, 2021-03-09 14:35:17.000Z, null, null),
                                             AbsenceModel:AbsenceModel(3606, 644, 352, vacation, 2021-03-16 00:00:00.000, 2021-03-18 00:00:00.000, , , 2021-03-09 14:35:58.000Z, 2021-03-09 14:35:58.000Z, null, null),
                                             AbsenceModel:AbsenceModel(3618, 644, 352, vacation, 2021-03-13 00:00:00.000, 2021-03-13 00:00:00.000, Test, , 2021-03-09 18:16:51.000Z, 2021-03-09 18:16:51.000Z, null, null),
                                             AbsenceModel:AbsenceModel(3629, 2664, 352, vacation, 2021-06-14 00:00:00.000, 2021-06-16 00:00:00.000, , , 2021-03-10 08:19:42.000Z, 2021-03-14 14:34:59.000Z, null, null),
                                             AbsenceModel:AbsenceModel(3656, 644, 352, vacation, 2021-03-11 00:00:00.000, 2021-03-11 00:00:00.000, , Works nicely!, 2021-03-10 18:37:23.000Z, 2021-03-10 18:37:38.000Z, null, null),
                                             AbsenceModel:AbsenceModel(3690, 2796, 352, sickness, 2021-03-13 00:00:00.000, 2021-03-13 00:00:00.000, , Viel Spa├ƒ!, 2021-03-14 08:32:42.000Z, 2021-03-14 16:00:59.000Z, null, null),
                                             AbsenceModel:AbsenceModel(3748, 649, 352, vacation, 2021-04-21 00:00:00.000, 2021-04-22 00:00:00.000, Barcamp Salzburg, , 2021-03-15 13:54:31.000Z, 2021-03-21 17:29:49.000Z, null, null),
                                             ...
                                           ]
  
  package:matcher                                                                          expect
  package:flutter_test/src/widget_tester.dart 473:18                                       expect
  test\features\absences\data\data_sources\absences_local_file_data_source_test.dart 34:7  main.<fn>.<fn>
  
00:00 +1 -1: getMembers Should return list of MemberModel from JSON fixture
00:00 +2 -1: getMembers Should throw exception if file fails to load
00:00 +2 -2: getMembers Should throw exception if file fails to load [E]
  Expected: throws <Instance of 'Exception'>
    Actual: <Closure: () => Future<List<MemberModel>>>
     Which: returned a Future that emitted [
                                             MemberModel:MemberModel(709, 644, 352, Max, https://loremflickr.com/300/400),
                                             MemberModel:MemberModel(713, 649, 352, Ines, https://loremflickr.com/300/400),
                                             MemberModel:MemberModel(2245, 2290, 352, Monika, https://loremflickr.com/300/400),
                                             MemberModel:MemberModel(2650, 2664, 352, Mike, https://loremflickr.com/300/400),
                                             MemberModel:MemberModel(2778, 2796, 352, Bernhard, https://loremflickr.com/300/400),
                                             MemberModel:MemberModel(2950, 2735, 352, Manuel, https://loremflickr.com/300/400),
                                             MemberModel:MemberModel(5876, 5293, 352, Daniel, https://loremflickr.com/300/400),
                                             MemberModel:MemberModel(7111, 5192, 352, Sandra, https://loremflickr.com/300/400),
                                             MemberModel:MemberModel(8442, 8007, 352, Linda, https://loremflickr.com/300/400),
                                             MemberModel:MemberModel(9364, 8447, 352, Marlene, https://loremflickr.com/300/400)
                                           ]
  
  package:matcher                                                                          expect
  package:flutter_test/src/widget_tester.dart 473:18                                       expect
  test\features\absences\data\data_sources\absences_local_file_data_source_test.dart 50:7  main.<fn>.<fn>
  
00:00 +2 -2: Some tests failed.
